2024-01-17 13:16:21,898:INFO:Client num: 5
2024-01-17 13:16:21,898:INFO:Client 0 has 192 samples
2024-01-17 13:16:21,898:INFO:Client 1 has 107 samples
2024-01-17 13:16:21,898:INFO:Client 2 has 168 samples
2024-01-17 13:16:21,898:INFO:Client 3 has 329 samples
2024-01-17 13:16:21,898:INFO:Client 4 has 228 samples
2024-01-17 13:16:21,898:INFO:Client 0 has 924 vlidation samples
2024-01-17 13:16:21,898:INFO:Client 1 has 931 vlidation samples
2024-01-17 13:16:21,898:INFO:Client 2 has 914 vlidation samples
2024-01-17 13:16:21,899:INFO:Client 3 has 1665 vlidation samples
2024-01-17 13:16:21,899:INFO:Client 4 has 566 vlidation samples
2024-01-17 13:16:21,899:INFO:Client 0 has 2079 test samples
2024-01-17 13:16:21,899:INFO:Client 1 has 1665 test samples
2024-01-17 13:16:21,899:INFO:Client 2 has 1768 test samples
2024-01-17 13:16:21,899:INFO:Client 3 has 5027 test samples
2024-01-17 13:16:21,899:INFO:Client 4 has 1397 test samples
2024-01-17 13:16:21,902:INFO:Training client 0 for epoch 0
2024-01-17 13:16:52,551:INFO:Step: 4, Loss: 2.1108
2024-01-17 13:17:20,980:INFO:Step: 8, Loss: 2.087
2024-01-17 13:17:49,138:INFO:Step: 12, Loss: 2.0745
2024-01-17 13:18:24,980:INFO:Training client 1 for epoch 0
2024-01-17 13:18:58,340:INFO:Step: 4, Loss: 2.08
2024-01-17 13:19:22,656:INFO:Training client 2 for epoch 0
2024-01-17 13:19:53,431:INFO:Step: 4, Loss: 2.2083
2024-01-17 13:20:22,293:INFO:Step: 8, Loss: 2.2144
2024-01-17 13:21:17,734:INFO:Training client 3 for epoch 0
2024-01-17 13:21:43,813:INFO:Step: 4, Loss: 2.2539
2024-01-17 13:22:09,366:INFO:Step: 8, Loss: 2.2842
2024-01-17 13:22:34,545:INFO:Step: 12, Loss: 2.2167
2024-01-17 13:23:00,077:INFO:Step: 16, Loss: 2.1542
2024-01-17 13:23:25,176:INFO:Step: 20, Loss: 2.0638
2024-01-17 13:23:50,624:INFO:Step: 24, Loss: 1.9415
2024-01-17 13:24:11,095:INFO:Training client 4 for epoch 0
2024-01-17 13:24:39,506:INFO:Step: 4, Loss: 2.1117
2024-01-17 13:25:06,864:INFO:Step: 8, Loss: 2.0962
2024-01-17 13:25:34,012:INFO:Step: 12, Loss: 2.0604
2024-01-17 13:28:14,625:INFO:Epoch 0: client 0 eval_results: 2.1908481121063232
2024-01-17 13:29:14,775:INFO:Epoch 0: client 1 eval_results: 2.0893328189849854
2024-01-17 13:30:13,170:INFO:Epoch 0: client 2 eval_results: 2.2422821521759033
2024-01-17 13:31:40,070:INFO:Epoch 0: client 3 eval_results: 2.3013081550598145
2024-01-17 13:32:22,145:INFO:Epoch 0: client 4 eval_results: 2.1702327728271484
2024-01-17 13:32:23,063:INFO:Epoch 0: Overall eval_results: 2.2157976449489594
2024-01-17 13:32:37,978:INFO:Training client 0 for epoch 1
2024-01-17 13:33:07,484:INFO:Step: 4, Loss: 2.017
2024-01-17 13:33:35,975:INFO:Step: 8, Loss: 1.9282
2024-01-17 13:34:04,136:INFO:Step: 12, Loss: 1.8939
2024-01-17 13:34:40,038:INFO:Training client 1 for epoch 1
2024-01-17 13:35:13,336:INFO:Step: 4, Loss: 1.9858
2024-01-17 13:35:35,748:INFO:Training client 2 for epoch 1
2024-01-17 13:36:05,940:INFO:Step: 4, Loss: 2.1062
2024-01-17 13:36:34,800:INFO:Step: 8, Loss: 2.0522
2024-01-17 13:37:05,010:INFO:Training client 3 for epoch 1
2024-01-17 13:37:31,627:INFO:Step: 4, Loss: 2.0478
2024-01-17 13:37:57,178:INFO:Step: 8, Loss: 1.953
2024-01-17 13:38:22,551:INFO:Step: 12, Loss: 1.7894
2024-01-17 13:38:48,341:INFO:Step: 16, Loss: 1.6761
2024-01-17 13:39:13,491:INFO:Step: 20, Loss: 1.5714
2024-01-17 13:39:38,910:INFO:Step: 24, Loss: 1.519
2024-01-17 13:40:00,298:INFO:Training client 4 for epoch 1
2024-01-17 13:40:28,241:INFO:Step: 4, Loss: 1.9927
2024-01-17 13:40:55,864:INFO:Step: 8, Loss: 1.9056
2024-01-17 13:41:23,034:INFO:Step: 12, Loss: 1.8379
2024-01-17 13:43:55,759:INFO:Epoch 1: client 0 eval_results: 1.9596421718597412
2024-01-17 13:44:52,872:INFO:Epoch 1: client 1 eval_results: 1.8639190196990967
2024-01-17 13:45:50,084:INFO:Epoch 1: client 2 eval_results: 1.9780954122543335
2024-01-17 13:47:17,486:INFO:Epoch 1: client 3 eval_results: 2.042548179626465
2024-01-17 13:48:01,480:INFO:Epoch 1: client 4 eval_results: 1.9328581094741821
2024-01-17 13:48:02,405:INFO:Epoch 1: Overall eval_results: 1.9697675179958343
2024-01-17 13:48:16,278:INFO:Training client 0 for epoch 2
2024-01-17 13:48:46,765:INFO:Step: 4, Loss: 1.7604
2024-01-17 13:49:15,304:INFO:Step: 8, Loss: 1.5932
2024-01-17 13:49:43,450:INFO:Step: 12, Loss: 1.5077
2024-01-17 13:50:19,958:INFO:Training client 1 for epoch 2
2024-01-17 13:50:52,690:INFO:Step: 4, Loss: 1.7504
2024-01-17 13:51:14,976:INFO:Training client 2 for epoch 2
2024-01-17 13:51:44,979:INFO:Step: 4, Loss: 1.8153
2024-01-17 13:52:13,819:INFO:Step: 8, Loss: 1.6855
2024-01-17 13:52:43,966:INFO:Training client 3 for epoch 2
2024-01-17 13:53:10,296:INFO:Step: 4, Loss: 1.7648
2024-01-17 13:53:35,840:INFO:Step: 8, Loss: 1.602
2024-01-17 13:54:01,169:INFO:Step: 12, Loss: 1.4177
2024-01-17 13:54:26,831:INFO:Step: 16, Loss: 1.3272
2024-01-17 13:54:51,903:INFO:Step: 20, Loss: 1.238
2024-01-17 13:55:17,317:INFO:Step: 24, Loss: 1.2047
2024-01-17 13:55:38,683:INFO:Training client 4 for epoch 2
2024-01-17 13:56:07,315:INFO:Step: 4, Loss: 1.7374
2024-01-17 13:56:34,752:INFO:Step: 8, Loss: 1.5811
2024-01-17 13:57:01,883:INFO:Step: 12, Loss: 1.4744
2024-01-17 13:59:34,915:INFO:Epoch 2: client 0 eval_results: 1.5467660427093506
2024-01-17 14:00:32,691:INFO:Epoch 2: client 1 eval_results: 1.460710883140564
2024-01-17 14:01:30,013:INFO:Epoch 2: client 2 eval_results: 1.5644439458847046
2024-01-17 14:02:57,544:INFO:Epoch 2: client 3 eval_results: 1.5896071195602417
2024-01-17 14:03:38,947:INFO:Epoch 2: client 4 eval_results: 1.5120527744293213
2024-01-17 14:03:41,500:INFO:Epoch 2: Overall eval_results: 1.5443106293201447
2024-01-17 14:03:55,720:INFO:Training client 0 for epoch 3
2024-01-17 14:04:25,543:INFO:Step: 4, Loss: 1.3388
2024-01-17 14:04:54,085:INFO:Step: 8, Loss: 1.1695
2024-01-17 14:05:22,391:INFO:Step: 12, Loss: 1.1176
2024-01-17 14:05:59,997:INFO:Training client 1 for epoch 3
2024-01-17 14:06:32,664:INFO:Step: 4, Loss: 1.3574
2024-01-17 14:06:55,261:INFO:Training client 2 for epoch 3
2024-01-17 14:07:25,343:INFO:Step: 4, Loss: 1.4043
2024-01-17 14:07:54,379:INFO:Step: 8, Loss: 1.2852
2024-01-17 14:08:23,532:INFO:Training client 3 for epoch 3
2024-01-17 14:08:50,666:INFO:Step: 4, Loss: 1.3267
2024-01-17 14:09:16,249:INFO:Step: 8, Loss: 1.2065
2024-01-17 14:09:41,494:INFO:Step: 12, Loss: 1.0807
2024-01-17 14:10:07,152:INFO:Step: 16, Loss: 1.0441
2024-01-17 14:10:32,388:INFO:Step: 20, Loss: 0.9941
2024-01-17 14:10:57,786:INFO:Step: 24, Loss: 0.9916
2024-01-17 14:11:19,484:INFO:Training client 4 for epoch 3
2024-01-17 14:11:47,326:INFO:Step: 4, Loss: 1.3242
2024-01-17 14:12:14,474:INFO:Step: 8, Loss: 1.1787
2024-01-17 14:12:41,646:INFO:Step: 12, Loss: 1.1096
2024-01-17 14:15:15,707:INFO:Epoch 3: client 0 eval_results: 1.1994717121124268
2024-01-17 14:16:12,959:INFO:Epoch 3: client 1 eval_results: 1.1195491552352905
2024-01-17 14:17:10,208:INFO:Epoch 3: client 2 eval_results: 1.246504545211792
2024-01-17 14:18:38,191:INFO:Epoch 3: client 3 eval_results: 1.2445911169052124
2024-01-17 14:19:21,105:INFO:Epoch 3: client 4 eval_results: 1.1700127124786377
2024-01-17 14:19:21,895:INFO:Epoch 3: Overall eval_results: 1.2048777369499206
2024-01-17 14:19:36,694:INFO:Training client 0 for epoch 4
2024-01-17 14:20:06,400:INFO:Step: 4, Loss: 1.0214
2024-01-17 14:20:35,225:INFO:Step: 8, Loss: 0.9327
2024-01-17 14:21:03,340:INFO:Step: 12, Loss: 0.9311
2024-01-17 14:21:39,813:INFO:Training client 1 for epoch 4
2024-01-17 14:22:12,502:INFO:Step: 4, Loss: 1.0539
2024-01-17 14:22:34,711:INFO:Training client 2 for epoch 4
2024-01-17 14:23:04,870:INFO:Step: 4, Loss: 1.1223
2024-01-17 14:23:33,653:INFO:Step: 8, Loss: 1.0757
2024-01-17 14:24:03,016:INFO:Training client 3 for epoch 4
2024-01-17 14:24:29,708:INFO:Step: 4, Loss: 1.0362
2024-01-17 14:24:55,292:INFO:Step: 8, Loss: 1.0097
2024-01-17 14:25:20,496:INFO:Step: 12, Loss: 0.9349
2024-01-17 14:25:46,197:INFO:Step: 16, Loss: 0.9389
2024-01-17 14:26:11,444:INFO:Step: 20, Loss: 0.8977
2024-01-17 14:26:37,304:INFO:Step: 24, Loss: 0.8936
2024-01-17 14:26:58,606:INFO:Training client 4 for epoch 4
2024-01-17 14:27:26,887:INFO:Step: 4, Loss: 1.0244
2024-01-17 14:27:54,038:INFO:Step: 8, Loss: 0.9651
2024-01-17 14:28:21,087:INFO:Step: 12, Loss: 0.9419
2024-01-17 14:30:59,324:INFO:Epoch 4: client 0 eval_results: 1.0450913906097412
2024-01-17 14:31:57,119:INFO:Epoch 4: client 1 eval_results: 0.9692191481590271
2024-01-17 14:32:53,814:INFO:Epoch 4: client 2 eval_results: 1.1144680976867676
2024-01-17 14:34:21,101:INFO:Epoch 4: client 3 eval_results: 1.1057716608047485
2024-01-17 14:35:03,686:INFO:Epoch 4: client 4 eval_results: 1.0225155353546143
2024-01-17 14:35:04,541:INFO:Epoch 4: Overall eval_results: 1.0612969842791558
2024-01-17 14:35:19,126:INFO:Training client 0 for epoch 5
2024-01-17 14:35:48,654:INFO:Step: 4, Loss: 0.9006
2024-01-17 14:36:17,303:INFO:Step: 8, Loss: 0.8335
2024-01-17 14:36:45,428:INFO:Step: 12, Loss: 0.8455
2024-01-17 14:37:22,114:INFO:Training client 1 for epoch 5
2024-01-17 14:37:55,443:INFO:Step: 4, Loss: 0.9383
2024-01-17 14:38:17,314:INFO:Training client 2 for epoch 5
2024-01-17 14:38:47,642:INFO:Step: 4, Loss: 1.0093
2024-01-17 14:39:16,489:INFO:Step: 8, Loss: 0.9768
2024-01-17 14:39:46,248:INFO:Training client 3 for epoch 5
2024-01-17 14:40:12,726:INFO:Step: 4, Loss: 0.9162
2024-01-17 14:40:38,276:INFO:Step: 8, Loss: 0.9146
2024-01-17 14:41:03,802:INFO:Step: 12, Loss: 0.8618
2024-01-17 14:41:29,453:INFO:Step: 16, Loss: 0.8766
2024-01-17 14:41:54,516:INFO:Step: 20, Loss: 0.8272
2024-01-17 14:42:19,857:INFO:Step: 24, Loss: 0.8048
2024-01-17 14:42:41,281:INFO:Training client 4 for epoch 5
2024-01-17 14:43:09,971:INFO:Step: 4, Loss: 0.9081
2024-01-17 14:43:37,326:INFO:Step: 8, Loss: 0.8661
2024-01-17 14:44:04,416:INFO:Step: 12, Loss: 0.8544
2024-01-17 14:46:40,145:INFO:Epoch 5: client 0 eval_results: 0.9760316610336304
2024-01-17 14:47:37,595:INFO:Epoch 5: client 1 eval_results: 0.900936484336853
2024-01-17 14:48:35,411:INFO:Epoch 5: client 2 eval_results: 1.052734375
2024-01-17 14:50:02,604:INFO:Epoch 5: client 3 eval_results: 1.0436301231384277
2024-01-17 14:50:44,308:INFO:Epoch 5: client 4 eval_results: 0.9496064186096191
2024-01-17 14:50:44,942:INFO:Epoch 5: Overall eval_results: 0.9955891456842423
2024-01-17 14:50:59,289:INFO:Training client 0 for epoch 6
2024-01-17 14:51:29,212:INFO:Step: 4, Loss: 0.8461
2024-01-17 14:51:57,873:INFO:Step: 8, Loss: 0.7723
2024-01-17 14:52:26,030:INFO:Step: 12, Loss: 0.7337
2024-01-17 14:53:02,476:INFO:Training client 1 for epoch 6
2024-01-17 14:53:35,264:INFO:Step: 4, Loss: 0.8838
2024-01-17 14:53:57,779:INFO:Training client 2 for epoch 6
2024-01-17 14:54:28,101:INFO:Step: 4, Loss: 0.9609
2024-01-17 14:54:57,083:INFO:Step: 8, Loss: 0.9249
2024-01-17 14:55:26,736:INFO:Training client 3 for epoch 6
2024-01-17 14:55:53,113:INFO:Step: 4, Loss: 0.8503
2024-01-17 14:56:18,771:INFO:Step: 8, Loss: 0.7876
2024-01-17 14:56:43,981:INFO:Step: 12, Loss: 0.7041
2024-01-17 14:57:09,587:INFO:Step: 16, Loss: 0.7272
2024-01-17 14:57:34,731:INFO:Step: 20, Loss: 0.6963
2024-01-17 14:58:00,093:INFO:Step: 24, Loss: 0.7052
2024-01-17 14:58:21,330:INFO:Training client 4 for epoch 6
2024-01-17 14:58:49,536:INFO:Step: 4, Loss: 0.8545
2024-01-17 14:59:16,871:INFO:Step: 8, Loss: 0.7984
2024-01-17 14:59:44,218:INFO:Step: 12, Loss: 0.7367
2024-01-17 15:02:18,255:INFO:Epoch 6: client 0 eval_results: 0.9217487573623657
2024-01-17 15:03:15,399:INFO:Epoch 6: client 1 eval_results: 0.8487877249717712
2024-01-17 15:04:21,556:INFO:Epoch 6: client 2 eval_results: 0.9972373843193054
2024-01-17 15:05:50,649:INFO:Epoch 6: client 3 eval_results: 0.9554380774497986
2024-01-17 15:06:31,555:INFO:Epoch 6: client 4 eval_results: 0.8807272911071777
2024-01-17 15:06:32,642:INFO:Epoch 6: Overall eval_results: 0.9285376477479935
2024-01-17 15:06:47,207:INFO:Training client 0 for epoch 7
2024-01-17 15:07:16,946:INFO:Step: 4, Loss: 0.7457
2024-01-17 15:07:45,472:INFO:Step: 8, Loss: 0.6729
2024-01-17 15:08:13,557:INFO:Step: 12, Loss: 0.6832
2024-01-17 15:08:50,497:INFO:Training client 1 for epoch 7
2024-01-17 15:09:23,299:INFO:Step: 4, Loss: 0.8047
2024-01-17 15:09:46,691:INFO:Training client 2 for epoch 7
2024-01-17 15:10:16,965:INFO:Step: 4, Loss: 0.8469
2024-01-17 15:10:45,700:INFO:Step: 8, Loss: 0.8134
2024-01-17 15:11:16,188:INFO:Training client 3 for epoch 7
2024-01-17 15:11:43,106:INFO:Step: 4, Loss: 0.7312
2024-01-17 15:12:08,630:INFO:Step: 8, Loss: 0.74
2024-01-17 15:12:34,025:INFO:Step: 12, Loss: 0.6855
2024-01-17 15:12:59,682:INFO:Step: 16, Loss: 0.7122
2024-01-17 15:13:24,856:INFO:Step: 20, Loss: 0.6824
2024-01-17 15:13:50,450:INFO:Step: 24, Loss: 0.689
2024-01-17 15:14:12,733:INFO:Training client 4 for epoch 7
2024-01-17 15:14:41,245:INFO:Step: 4, Loss: 0.7435
2024-01-17 15:15:08,741:INFO:Step: 8, Loss: 0.706
2024-01-17 15:15:35,876:INFO:Step: 12, Loss: 0.6935
2024-01-17 15:18:11,187:INFO:Epoch 7: client 0 eval_results: 0.8521440625190735
2024-01-17 15:19:07,914:INFO:Epoch 7: client 1 eval_results: 0.7767923474311829
2024-01-17 15:20:05,212:INFO:Epoch 7: client 2 eval_results: 0.9346453547477722
2024-01-17 15:21:32,396:INFO:Epoch 7: client 3 eval_results: 0.8960133194923401
2024-01-17 15:22:14,660:INFO:Epoch 7: client 4 eval_results: 0.8159879446029663
2024-01-17 15:22:15,682:INFO:Epoch 7: Overall eval_results: 0.8637103994131088
2024-01-17 15:22:30,459:INFO:Training client 0 for epoch 8
2024-01-17 15:22:59,942:INFO:Step: 4, Loss: 0.6956
2024-01-17 15:23:28,741:INFO:Step: 8, Loss: 0.6518
2024-01-17 15:23:56,826:INFO:Step: 12, Loss: 0.6633
2024-01-17 15:24:35,891:INFO:Training client 1 for epoch 8
2024-01-17 15:25:08,586:INFO:Step: 4, Loss: 0.7444
2024-01-17 15:25:31,038:INFO:Training client 2 for epoch 8
2024-01-17 15:26:01,050:INFO:Step: 4, Loss: 0.8072
2024-01-17 15:26:29,955:INFO:Step: 8, Loss: 0.7873
2024-01-17 15:26:59,405:INFO:Training client 3 for epoch 8
2024-01-17 15:27:26,259:INFO:Step: 4, Loss: 0.7033
2024-01-17 15:27:51,914:INFO:Step: 8, Loss: 0.7177
2024-01-17 15:28:17,335:INFO:Step: 12, Loss: 0.6661
2024-01-17 15:28:43,032:INFO:Step: 16, Loss: 0.6914
2024-01-17 15:29:08,481:INFO:Step: 20, Loss: 0.6633
2024-01-17 15:29:34,072:INFO:Step: 24, Loss: 0.6696
2024-01-17 15:29:55,643:INFO:Training client 4 for epoch 8
2024-01-17 15:30:24,089:INFO:Step: 4, Loss: 0.7007
2024-01-17 15:30:51,475:INFO:Step: 8, Loss: 0.683
2024-01-17 15:31:18,503:INFO:Step: 12, Loss: 0.6701
2024-01-17 15:33:52,562:INFO:Epoch 8: client 0 eval_results: 0.8160613179206848
2024-01-17 15:34:49,117:INFO:Epoch 8: client 1 eval_results: 0.7457185983657837
2024-01-17 15:35:46,385:INFO:Epoch 8: client 2 eval_results: 0.89520263671875
2024-01-17 15:37:14,583:INFO:Epoch 8: client 3 eval_results: 0.8700658679008484
2024-01-17 15:37:55,838:INFO:Epoch 8: client 4 eval_results: 0.7811695337295532
2024-01-17 15:37:56,454:INFO:Epoch 8: Overall eval_results: 0.8314643017888069
2024-01-17 15:38:10,964:INFO:Training client 0 for epoch 9
2024-01-17 15:38:40,414:INFO:Step: 4, Loss: 0.6802
2024-01-17 15:39:08,956:INFO:Step: 8, Loss: 0.6385
2024-01-17 15:39:36,927:INFO:Step: 12, Loss: 0.6501
2024-01-17 15:40:12,998:INFO:Training client 1 for epoch 9
2024-01-17 15:40:45,842:INFO:Step: 4, Loss: 0.7258
2024-01-17 15:41:08,477:INFO:Training client 2 for epoch 9
2024-01-17 15:41:38,641:INFO:Step: 4, Loss: 0.7903
2024-01-17 15:42:07,596:INFO:Step: 8, Loss: 0.7721
2024-01-17 15:42:37,363:INFO:Training client 3 for epoch 9
2024-01-17 15:43:03,696:INFO:Step: 4, Loss: 0.6893
2024-01-17 15:43:29,219:INFO:Step: 8, Loss: 0.7051
2024-01-17 15:43:54,525:INFO:Step: 12, Loss: 0.6544
2024-01-17 15:44:20,166:INFO:Step: 16, Loss: 0.6785
2024-01-17 15:44:45,319:INFO:Step: 20, Loss: 0.6497
2024-01-17 15:45:10,799:INFO:Step: 24, Loss: 0.656
2024-01-17 15:45:32,271:INFO:Training client 4 for epoch 9
2024-01-17 15:46:00,176:INFO:Step: 4, Loss: 0.6859
2024-01-17 15:46:27,538:INFO:Step: 8, Loss: 0.6699
2024-01-17 15:46:54,732:INFO:Step: 12, Loss: 0.6569
2024-01-17 15:49:29,537:INFO:Epoch 9: client 0 eval_results: 0.8069366216659546
2024-01-17 15:50:28,675:INFO:Epoch 9: client 1 eval_results: 0.7369649410247803
2024-01-17 15:51:25,839:INFO:Epoch 9: client 2 eval_results: 0.8853219151496887
2024-01-17 15:52:53,169:INFO:Epoch 9: client 3 eval_results: 0.8626485466957092
2024-01-17 15:53:34,825:INFO:Epoch 9: client 4 eval_results: 0.7730459570884705
2024-01-17 15:53:35,912:INFO:Epoch 9: Overall eval_results: 0.8229523741841316
2024-01-17 15:53:50,845:INFO:Training client 0 for epoch 10
2024-01-17 15:54:20,371:INFO:Step: 4, Loss: 0.6705
2024-01-17 15:54:48,932:INFO:Step: 8, Loss: 0.6296
2024-01-17 15:55:16,991:INFO:Step: 12, Loss: 0.6403
2024-01-17 15:55:53,368:INFO:Training client 1 for epoch 10
2024-01-17 15:56:26,092:INFO:Step: 4, Loss: 0.7156
2024-01-17 15:56:48,253:INFO:Training client 2 for epoch 10
2024-01-17 15:57:18,921:INFO:Step: 4, Loss: 0.7789
2024-01-17 15:57:47,733:INFO:Step: 8, Loss: 0.7613
2024-01-17 15:58:19,268:INFO:Training client 3 for epoch 10
2024-01-17 15:58:46,095:INFO:Step: 4, Loss: 0.6807
2024-01-17 15:59:11,849:INFO:Step: 8, Loss: 0.7
2024-01-17 15:59:37,155:INFO:Step: 12, Loss: 0.6489
2024-01-17 16:00:02,921:INFO:Step: 16, Loss: 0.6732
2024-01-17 16:00:28,225:INFO:Step: 20, Loss: 0.6445
2024-01-17 16:00:53,675:INFO:Step: 24, Loss: 0.6507
2024-01-17 16:01:15,357:INFO:Training client 4 for epoch 10
2024-01-17 16:01:43,896:INFO:Step: 4, Loss: 0.6743
2024-01-17 16:02:11,263:INFO:Step: 8, Loss: 0.6597
2024-01-17 16:02:38,508:INFO:Step: 12, Loss: 0.6469
2024-01-17 16:05:10,160:INFO:Epoch 10: client 0 eval_results: 0.8007581233978271
2024-01-17 16:06:06,801:INFO:Epoch 10: client 1 eval_results: 0.7308427095413208
2024-01-17 16:07:04,603:INFO:Epoch 10: client 2 eval_results: 0.879348874092102
2024-01-17 16:08:32,977:INFO:Epoch 10: client 3 eval_results: 0.8575974106788635
2024-01-17 16:09:13,614:INFO:Epoch 10: client 4 eval_results: 0.7663978338241577
2024-01-17 16:09:14,632:INFO:Epoch 10: Overall eval_results: 0.8171441604495049
2024-01-17 16:09:29,716:INFO:Training client 0 for epoch 11
2024-01-17 16:09:59,163:INFO:Step: 4, Loss: 0.6631
2024-01-17 16:10:27,817:INFO:Step: 8, Loss: 0.6222
2024-01-17 16:10:56,449:INFO:Step: 12, Loss: 0.6326
2024-01-17 16:11:32,768:INFO:Training client 1 for epoch 11
2024-01-17 16:12:05,712:INFO:Step: 4, Loss: 0.7074
2024-01-17 16:12:28,136:INFO:Training client 2 for epoch 11
2024-01-17 16:12:58,210:INFO:Step: 4, Loss: 0.7697
2024-01-17 16:13:27,234:INFO:Step: 8, Loss: 0.751
2024-01-17 16:13:57,979:INFO:Training client 3 for epoch 11
2024-01-17 16:14:24,922:INFO:Step: 4, Loss: 0.6696
2024-01-17 16:14:50,759:INFO:Step: 8, Loss: 0.6864
2024-01-17 16:15:16,282:INFO:Step: 12, Loss: 0.6348
2024-01-17 16:15:42,203:INFO:Step: 16, Loss: 0.6591
2024-01-17 16:16:07,514:INFO:Step: 20, Loss: 0.6304
2024-01-17 16:16:33,016:INFO:Step: 24, Loss: 0.6362
2024-01-17 16:16:54,413:INFO:Training client 4 for epoch 11
2024-01-17 16:17:22,477:INFO:Step: 4, Loss: 0.6637
2024-01-17 16:17:49,701:INFO:Step: 8, Loss: 0.6486
2024-01-17 16:18:16,723:INFO:Step: 12, Loss: 0.635
2024-01-17 16:20:50,126:INFO:Epoch 11: client 0 eval_results: 0.7963270545005798
2024-01-17 16:21:46,737:INFO:Epoch 11: client 1 eval_results: 0.7267928719520569
2024-01-17 16:22:44,041:INFO:Epoch 11: client 2 eval_results: 0.874532163143158
2024-01-17 16:24:10,950:INFO:Epoch 11: client 3 eval_results: 0.8540295958518982
2024-01-17 16:24:51,571:INFO:Epoch 11: client 4 eval_results: 0.7613604664802551
2024-01-17 16:24:52,411:INFO:Epoch 11: Overall eval_results: 0.8129324120759964
2024-01-17 16:25:06,793:INFO:Training client 0 for epoch 12
2024-01-17 16:25:36,618:INFO:Step: 4, Loss: 0.6565
2024-01-17 16:26:05,105:INFO:Step: 8, Loss: 0.6157
2024-01-17 16:26:33,163:INFO:Step: 12, Loss: 0.6254
2024-01-17 16:27:09,919:INFO:Training client 1 for epoch 12
2024-01-17 16:27:42,494:INFO:Step: 4, Loss: 0.7013
2024-01-17 16:28:04,834:INFO:Training client 2 for epoch 12
2024-01-17 16:28:34,906:INFO:Step: 4, Loss: 0.7612
2024-01-17 16:29:03,611:INFO:Step: 8, Loss: 0.7419
2024-01-17 16:29:32,940:INFO:Training client 3 for epoch 12
2024-01-17 16:30:00,279:INFO:Step: 4, Loss: 0.6601
2024-01-17 16:30:25,933:INFO:Step: 8, Loss: 0.6775
2024-01-17 16:30:51,237:INFO:Step: 12, Loss: 0.6252
2024-01-17 16:31:16,879:INFO:Step: 16, Loss: 0.6499
2024-01-17 16:31:42,180:INFO:Step: 20, Loss: 0.6213
2024-01-17 16:32:07,635:INFO:Step: 24, Loss: 0.6265
2024-01-17 16:32:30,230:INFO:Training client 4 for epoch 12
2024-01-17 16:32:58,003:INFO:Step: 4, Loss: 0.6544
2024-01-17 16:33:25,259:INFO:Step: 8, Loss: 0.6385
2024-01-17 16:33:52,426:INFO:Step: 12, Loss: 0.6249
2024-01-17 16:36:27,648:INFO:Epoch 12: client 0 eval_results: 0.7930467128753662
2024-01-17 16:37:27,150:INFO:Epoch 12: client 1 eval_results: 0.7237400412559509
2024-01-17 16:38:25,822:INFO:Epoch 12: client 2 eval_results: 0.8706459403038025
2024-01-17 16:39:52,796:INFO:Epoch 12: client 3 eval_results: 0.8512870073318481
2024-01-17 16:40:33,662:INFO:Epoch 12: client 4 eval_results: 0.7568841576576233
2024-01-17 16:40:34,496:INFO:Epoch 12: Overall eval_results: 0.8096273661971092
2024-01-17 16:40:48,213:INFO:Training client 0 for epoch 13
2024-01-17 16:41:18,912:INFO:Step: 4, Loss: 0.6501
2024-01-17 16:41:47,368:INFO:Step: 8, Loss: 0.6098
2024-01-17 16:42:15,499:INFO:Step: 12, Loss: 0.618
2024-01-17 16:42:52,535:INFO:Training client 1 for epoch 13
2024-01-17 16:43:25,235:INFO:Step: 4, Loss: 0.6945
2024-01-17 16:43:47,237:INFO:Training client 2 for epoch 13
2024-01-17 16:44:17,517:INFO:Step: 4, Loss: 0.7543
2024-01-17 16:44:46,366:INFO:Step: 8, Loss: 0.7341
2024-01-17 16:45:16,167:INFO:Training client 3 for epoch 13
2024-01-17 16:45:42,618:INFO:Step: 4, Loss: 0.6535
2024-01-17 16:46:08,113:INFO:Step: 8, Loss: 0.6692
2024-01-17 16:46:33,389:INFO:Step: 12, Loss: 0.6174
2024-01-17 16:46:58,976:INFO:Step: 16, Loss: 0.6418
2024-01-17 16:47:24,088:INFO:Step: 20, Loss: 0.6118
2024-01-17 16:47:49,503:INFO:Step: 24, Loss: 0.6181
2024-01-17 16:48:11,090:INFO:Training client 4 for epoch 13
2024-01-17 16:48:38,942:INFO:Step: 4, Loss: 0.6448
2024-01-17 16:49:06,155:INFO:Step: 8, Loss: 0.6289
2024-01-17 16:49:33,394:INFO:Step: 12, Loss: 0.6154
2024-01-17 16:52:08,926:INFO:Epoch 13: client 0 eval_results: 0.7908653020858765
2024-01-17 16:53:06,156:INFO:Epoch 13: client 1 eval_results: 0.7214558720588684
2024-01-17 16:54:04,618:INFO:Epoch 13: client 2 eval_results: 0.8675460815429688
2024-01-17 16:55:32,039:INFO:Epoch 13: client 3 eval_results: 0.8489047884941101
2024-01-17 16:56:13,688:INFO:Epoch 13: client 4 eval_results: 0.7526125311851501
2024-01-17 16:56:14,411:INFO:Epoch 13: Overall eval_results: 0.8069554480075836
2024-01-17 16:56:28,233:INFO:Training client 0 for epoch 14
2024-01-17 16:56:58,888:INFO:Step: 4, Loss: 0.645
2024-01-17 16:57:27,404:INFO:Step: 8, Loss: 0.6027
2024-01-17 16:57:55,508:INFO:Step: 12, Loss: 0.6111
2024-01-17 16:58:31,830:INFO:Training client 1 for epoch 14
2024-01-17 16:59:04,821:INFO:Step: 4, Loss: 0.6903
2024-01-17 16:59:27,378:INFO:Training client 2 for epoch 14
2024-01-17 16:59:57,883:INFO:Step: 4, Loss: 0.7462
2024-01-17 17:00:26,638:INFO:Step: 8, Loss: 0.7252
2024-01-17 17:00:56,648:INFO:Training client 3 for epoch 14
2024-01-17 17:01:23,091:INFO:Step: 4, Loss: 0.6452
2024-01-17 17:01:49,062:INFO:Step: 8, Loss: 0.6628
2024-01-17 17:02:14,427:INFO:Step: 12, Loss: 0.6099
2024-01-17 17:02:40,117:INFO:Step: 16, Loss: 0.6345
2024-01-17 17:03:05,317:INFO:Step: 20, Loss: 0.6048
2024-01-17 17:03:30,728:INFO:Step: 24, Loss: 0.611
2024-01-17 17:03:52,635:INFO:Training client 4 for epoch 14
2024-01-17 17:04:20,572:INFO:Step: 4, Loss: 0.6345
2024-01-17 17:04:47,883:INFO:Step: 8, Loss: 0.6192
2024-01-17 17:05:15,063:INFO:Step: 12, Loss: 0.6056
2024-01-17 17:07:50,163:INFO:Epoch 14: client 0 eval_results: 0.7883129119873047
2024-01-17 17:08:48,125:INFO:Epoch 14: client 1 eval_results: 0.7195045948028564
2024-01-17 17:09:47,155:INFO:Epoch 14: client 2 eval_results: 0.8644238710403442
2024-01-17 17:11:14,806:INFO:Epoch 14: client 3 eval_results: 0.846505880355835
2024-01-17 17:11:57,221:INFO:Epoch 14: client 4 eval_results: 0.7489450573921204
2024-01-17 17:11:57,931:INFO:Epoch 14: Overall eval_results: 0.8043357039690018
2024-01-17 17:12:12,875:INFO:Training client 0 for epoch 15
2024-01-17 17:12:42,519:INFO:Step: 4, Loss: 0.6397
2024-01-17 17:13:11,142:INFO:Step: 8, Loss: 0.5973
2024-01-17 17:13:39,318:INFO:Step: 12, Loss: 0.6042
2024-01-17 17:14:16,190:INFO:Training client 1 for epoch 15
2024-01-17 17:14:48,754:INFO:Step: 4, Loss: 0.6842
2024-01-17 17:15:11,969:INFO:Training client 2 for epoch 15
2024-01-17 17:15:42,578:INFO:Step: 4, Loss: 0.7371
2024-01-17 17:16:11,297:INFO:Step: 8, Loss: 0.7157
2024-01-17 17:16:41,899:INFO:Training client 3 for epoch 15
2024-01-17 17:17:08,339:INFO:Step: 4, Loss: 0.6366
2024-01-17 17:17:33,973:INFO:Step: 8, Loss: 0.6537
2024-01-17 17:17:59,277:INFO:Step: 12, Loss: 0.6006
2024-01-17 17:18:24,956:INFO:Step: 16, Loss: 0.6251
2024-01-17 17:18:50,206:INFO:Step: 20, Loss: 0.5948
2024-01-17 17:19:15,741:INFO:Step: 24, Loss: 0.6004
2024-01-17 17:19:37,823:INFO:Training client 4 for epoch 15
2024-01-17 17:20:06,032:INFO:Step: 4, Loss: 0.624
2024-01-17 17:20:33,298:INFO:Step: 8, Loss: 0.6082
2024-01-17 17:21:00,403:INFO:Step: 12, Loss: 0.5943
2024-01-17 17:25:38,857:INFO:Epoch 15: client 0 eval_results: 0.7859667539596558
2024-01-17 17:26:37,367:INFO:Epoch 15: client 1 eval_results: 0.7178813219070435
2024-01-17 17:27:35,107:INFO:Epoch 15: client 2 eval_results: 0.8614344596862793
2024-01-17 17:29:04,400:INFO:Epoch 15: client 3 eval_results: 0.8452189564704895
2024-01-17 17:29:44,938:INFO:Epoch 15: client 4 eval_results: 0.7456782460212708
2024-01-17 17:29:45,745:INFO:Epoch 15: Overall eval_results: 0.8022550674557686
2024-01-17 17:30:00,332:INFO:Training client 0 for epoch 16
2024-01-17 17:30:30,238:INFO:Step: 4, Loss: 0.6352
2024-01-17 17:30:58,801:INFO:Step: 8, Loss: 0.5918
2024-01-17 17:31:27,213:INFO:Step: 12, Loss: 0.5988
2024-01-17 17:32:04,777:INFO:Training client 1 for epoch 16
2024-01-17 17:32:37,496:INFO:Step: 4, Loss: 0.6794
2024-01-17 17:32:59,627:INFO:Training client 2 for epoch 16
2024-01-17 17:33:30,122:INFO:Step: 4, Loss: 0.7304
2024-01-17 17:33:58,839:INFO:Step: 8, Loss: 0.7087
2024-01-17 17:34:28,487:INFO:Training client 3 for epoch 16
2024-01-17 17:34:55,578:INFO:Step: 4, Loss: 0.6261
2024-01-17 17:35:21,141:INFO:Step: 8, Loss: 0.642
2024-01-17 17:35:46,462:INFO:Step: 12, Loss: 0.5898
2024-01-17 17:36:12,021:INFO:Step: 16, Loss: 0.6148
2024-01-17 17:36:37,171:INFO:Step: 20, Loss: 0.5838
2024-01-17 17:37:02,595:INFO:Step: 24, Loss: 0.5894
2024-01-17 17:37:23,673:INFO:Training client 4 for epoch 16
2024-01-17 17:37:51,909:INFO:Step: 4, Loss: 0.6168
2024-01-17 17:38:19,224:INFO:Step: 8, Loss: 0.6021
2024-01-17 17:38:46,307:INFO:Step: 12, Loss: 0.5878
2024-01-17 17:41:21,840:INFO:Epoch 16: client 0 eval_results: 0.7837772965431213
2024-01-17 17:42:20,046:INFO:Epoch 16: client 1 eval_results: 0.7163223624229431
2024-01-17 17:43:17,443:INFO:Epoch 16: client 2 eval_results: 0.8588085770606995
2024-01-17 17:44:44,659:INFO:Epoch 16: client 3 eval_results: 0.8433408737182617
2024-01-17 17:45:26,330:INFO:Epoch 16: client 4 eval_results: 0.7424739003181458
2024-01-17 17:45:27,182:INFO:Epoch 16: Overall eval_results: 0.8000920326352119
2024-01-17 17:45:42,087:INFO:Training client 0 for epoch 17
2024-01-17 17:46:11,556:INFO:Step: 4, Loss: 0.6305
2024-01-17 17:46:40,113:INFO:Step: 8, Loss: 0.5866
2024-01-17 17:47:08,327:INFO:Step: 12, Loss: 0.5931
2024-01-17 17:47:45,381:INFO:Training client 1 for epoch 17
2024-01-17 17:48:18,733:INFO:Step: 4, Loss: 0.6745
2024-01-17 17:48:41,160:INFO:Training client 2 for epoch 17
2024-01-17 17:49:11,545:INFO:Step: 4, Loss: 0.7229
2024-01-17 17:49:40,427:INFO:Step: 8, Loss: 0.7
2024-01-17 17:50:10,547:INFO:Training client 3 for epoch 17
2024-01-17 17:50:37,150:INFO:Step: 4, Loss: 0.6167
2024-01-17 17:51:02,696:INFO:Step: 8, Loss: 0.6325
2024-01-17 17:51:28,000:INFO:Step: 12, Loss: 0.5791
2024-01-17 17:51:53,678:INFO:Step: 16, Loss: 0.6042
2024-01-17 17:52:18,815:INFO:Step: 20, Loss: 0.573
2024-01-17 17:52:44,185:INFO:Step: 24, Loss: 0.5785
2024-01-17 17:53:05,887:INFO:Training client 4 for epoch 17
2024-01-17 17:53:34,743:INFO:Step: 4, Loss: 0.6095
2024-01-17 17:54:02,219:INFO:Step: 8, Loss: 0.5932
2024-01-17 17:54:29,417:INFO:Step: 12, Loss: 0.5787
2024-01-17 17:57:00,935:INFO:Epoch 17: client 0 eval_results: 0.7823126316070557
2024-01-17 17:57:57,737:INFO:Epoch 17: client 1 eval_results: 0.7153742909431458
2024-01-17 17:58:55,476:INFO:Epoch 17: client 2 eval_results: 0.8571684956550598
2024-01-17 18:00:22,470:INFO:Epoch 17: client 3 eval_results: 0.8424052596092224
2024-01-17 18:01:03,343:INFO:Epoch 17: client 4 eval_results: 0.7401919960975647
2024-01-17 18:01:05,339:INFO:Epoch 17: Overall eval_results: 0.798775153708458
2024-01-17 18:01:20,247:INFO:Training client 0 for epoch 18
2024-01-17 18:01:49,830:INFO:Step: 4, Loss: 0.6262
2024-01-17 18:02:18,879:INFO:Step: 8, Loss: 0.5813
2024-01-17 18:02:47,021:INFO:Step: 12, Loss: 0.5871
2024-01-17 18:03:23,235:INFO:Training client 1 for epoch 18
2024-01-17 18:03:55,960:INFO:Step: 4, Loss: 0.6694
2024-01-17 18:04:19,289:INFO:Training client 2 for epoch 18
2024-01-17 18:04:49,350:INFO:Step: 4, Loss: 0.7159
2024-01-17 18:05:18,432:INFO:Step: 8, Loss: 0.6929
2024-01-17 18:05:50,088:INFO:Training client 3 for epoch 18
2024-01-17 18:06:16,429:INFO:Step: 4, Loss: 0.6075
2024-01-17 18:06:42,001:INFO:Step: 8, Loss: 0.6232
2024-01-17 18:07:07,473:INFO:Step: 12, Loss: 0.5695
2024-01-17 18:07:33,541:INFO:Step: 16, Loss: 0.5942
2024-01-17 18:07:59,104:INFO:Step: 20, Loss: 0.563
2024-01-17 18:08:24,469:INFO:Step: 24, Loss: 0.5686
2024-01-17 18:08:47,618:INFO:Training client 4 for epoch 18
2024-01-17 18:09:15,391:INFO:Step: 4, Loss: 0.6012
2024-01-17 18:09:42,720:INFO:Step: 8, Loss: 0.5839
2024-01-17 18:10:09,913:INFO:Step: 12, Loss: 0.5696
2024-01-17 18:12:44,840:INFO:Epoch 18: client 0 eval_results: 0.7803791165351868
2024-01-17 18:13:44,754:INFO:Epoch 18: client 1 eval_results: 0.714155912399292
2024-01-17 18:14:41,922:INFO:Epoch 18: client 2 eval_results: 0.85511314868927
2024-01-17 18:16:09,662:INFO:Epoch 18: client 3 eval_results: 0.8413314819335938
2024-01-17 18:16:51,072:INFO:Epoch 18: client 4 eval_results: 0.7376824617385864
2024-01-17 18:16:51,990:INFO:Epoch 18: Overall eval_results: 0.797173613357544
2024-01-17 18:17:06,398:INFO:Training client 0 for epoch 19
2024-01-17 18:17:36,829:INFO:Step: 4, Loss: 0.6219
2024-01-17 18:18:05,436:INFO:Step: 8, Loss: 0.5759
2024-01-17 18:18:33,543:INFO:Step: 12, Loss: 0.5809
2024-01-17 18:19:09,861:INFO:Training client 1 for epoch 19
2024-01-17 18:19:42,513:INFO:Step: 4, Loss: 0.6664
2024-01-17 18:20:05,274:INFO:Training client 2 for epoch 19
2024-01-17 18:20:35,262:INFO:Step: 4, Loss: 0.7095
2024-01-17 18:21:04,028:INFO:Step: 8, Loss: 0.6856
2024-01-17 18:21:33,541:INFO:Training client 3 for epoch 19
2024-01-17 18:22:00,626:INFO:Step: 4, Loss: 0.601
2024-01-17 18:22:26,308:INFO:Step: 8, Loss: 0.6173
2024-01-17 18:22:51,546:INFO:Step: 12, Loss: 0.5639
2024-01-17 18:23:17,303:INFO:Step: 16, Loss: 0.5882
2024-01-17 18:23:42,470:INFO:Step: 20, Loss: 0.5576
2024-01-17 18:24:07,879:INFO:Step: 24, Loss: 0.5626
2024-01-17 18:24:28,838:INFO:Training client 4 for epoch 19
2024-01-17 18:24:57,212:INFO:Step: 4, Loss: 0.5937
2024-01-17 18:25:24,759:INFO:Step: 8, Loss: 0.5756
2024-01-17 18:25:51,913:INFO:Step: 12, Loss: 0.5613
2024-01-17 18:28:25,323:INFO:Epoch 19: client 0 eval_results: 0.7789770364761353
2024-01-17 18:29:21,838:INFO:Epoch 19: client 1 eval_results: 0.7132105231285095
2024-01-17 18:30:22,175:INFO:Epoch 19: client 2 eval_results: 0.853496253490448
2024-01-17 18:31:51,950:INFO:Epoch 19: client 3 eval_results: 0.8403677940368652
2024-01-17 18:32:33,318:INFO:Epoch 19: client 4 eval_results: 0.7357645630836487
2024-01-17 18:32:34,460:INFO:Epoch 19: Overall eval_results: 0.7959048948407174
2024-01-17 18:32:49,220:INFO:Training client 0 for epoch 20
2024-01-17 18:33:19,244:INFO:Step: 4, Loss: 0.6178
2024-01-17 18:33:47,705:INFO:Step: 8, Loss: 0.5708
2024-01-17 18:34:15,809:INFO:Step: 12, Loss: 0.5755
2024-01-17 18:34:53,235:INFO:Training client 1 for epoch 20
2024-01-17 18:35:26,066:INFO:Step: 4, Loss: 0.6601
2024-01-17 18:35:48,683:INFO:Training client 2 for epoch 20
2024-01-17 18:36:18,608:INFO:Step: 4, Loss: 0.7037
2024-01-17 18:36:47,581:INFO:Step: 8, Loss: 0.6779
2024-01-17 18:37:17,273:INFO:Training client 3 for epoch 20
2024-01-17 18:37:43,981:INFO:Step: 4, Loss: 0.5909
2024-01-17 18:38:09,475:INFO:Step: 8, Loss: 0.6067
2024-01-17 18:38:34,686:INFO:Step: 12, Loss: 0.552
2024-01-17 18:39:00,323:INFO:Step: 16, Loss: 0.5768
2024-01-17 18:39:25,467:INFO:Step: 20, Loss: 0.5457
2024-01-17 18:39:51,113:INFO:Step: 24, Loss: 0.5502
2024-01-17 18:40:14,232:INFO:Training client 4 for epoch 20
2024-01-17 18:40:42,582:INFO:Step: 4, Loss: 0.5843
2024-01-17 18:41:09,914:INFO:Step: 8, Loss: 0.5664
2024-01-17 18:41:36,982:INFO:Step: 12, Loss: 0.5522
2024-01-17 18:44:09,052:INFO:Epoch 20: client 0 eval_results: 0.7781467437744141
2024-01-17 18:45:05,957:INFO:Epoch 20: client 1 eval_results: 0.7127856016159058
2024-01-17 18:46:03,884:INFO:Epoch 20: client 2 eval_results: 0.8529735207557678
2024-01-17 18:47:31,762:INFO:Epoch 20: client 3 eval_results: 0.8407461047172546
2024-01-17 18:48:11,723:INFO:Epoch 20: client 4 eval_results: 0.7343201041221619
2024-01-17 18:48:12,493:INFO:Epoch 20: Overall eval_results: 0.7955392455220223
2024-01-17 18:48:27,159:INFO:Training client 0 for epoch 21
2024-01-17 18:48:56,708:INFO:Step: 4, Loss: 0.6137
2024-01-17 18:49:25,401:INFO:Step: 8, Loss: 0.5664
2024-01-17 18:49:54,028:INFO:Step: 12, Loss: 0.57
2024-01-17 18:50:30,697:INFO:Training client 1 for epoch 21
2024-01-17 18:51:03,226:INFO:Step: 4, Loss: 0.656
2024-01-17 18:51:25,761:INFO:Training client 2 for epoch 21
2024-01-17 18:51:55,851:INFO:Step: 4, Loss: 0.6964
2024-01-17 18:52:24,629:INFO:Step: 8, Loss: 0.6706
2024-01-17 18:52:54,350:INFO:Training client 3 for epoch 21
2024-01-17 18:53:21,436:INFO:Step: 4, Loss: 0.5832
2024-01-17 18:53:48,085:INFO:Step: 8, Loss: 0.6014
2024-01-17 18:54:13,739:INFO:Step: 12, Loss: 0.546
2024-01-17 18:54:39,580:INFO:Step: 16, Loss: 0.5706
2024-01-17 18:55:04,787:INFO:Step: 20, Loss: 0.5398
2024-01-17 18:55:30,120:INFO:Step: 24, Loss: 0.5436
2024-01-17 18:55:52,830:INFO:Training client 4 for epoch 21
2024-01-17 18:56:20,684:INFO:Step: 4, Loss: 0.5779
2024-01-17 18:56:48,082:INFO:Step: 8, Loss: 0.5593
2024-01-17 18:57:15,206:INFO:Step: 12, Loss: 0.5441
2024-01-17 18:59:49,226:INFO:Epoch 21: client 0 eval_results: 0.7767305374145508
2024-01-17 19:00:46,515:INFO:Epoch 21: client 1 eval_results: 0.7121526598930359
2024-01-17 19:01:46,289:INFO:Epoch 21: client 2 eval_results: 0.8516672253608704
2024-01-17 19:03:13,901:INFO:Epoch 21: client 3 eval_results: 0.8400406241416931
2024-01-17 19:03:55,741:INFO:Epoch 21: client 4 eval_results: 0.7330152988433838
2024-01-17 19:03:56,474:INFO:Epoch 21: Overall eval_results: 0.7945382570505142
2024-01-17 19:04:11,259:INFO:Training client 0 for epoch 22
2024-01-17 19:04:40,697:INFO:Step: 4, Loss: 0.6099
2024-01-17 19:05:09,150:INFO:Step: 8, Loss: 0.5619
2024-01-17 19:05:37,241:INFO:Step: 12, Loss: 0.5654
2024-01-17 19:06:13,516:INFO:Training client 1 for epoch 22
2024-01-17 19:06:46,312:INFO:Step: 4, Loss: 0.651
2024-01-17 19:07:08,953:INFO:Training client 2 for epoch 22
2024-01-17 19:07:38,815:INFO:Step: 4, Loss: 0.6903
2024-01-17 19:08:07,562:INFO:Step: 8, Loss: 0.6644
2024-01-17 19:08:37,584:INFO:Training client 3 for epoch 22
2024-01-17 19:09:04,202:INFO:Step: 4, Loss: 0.5763
2024-01-17 19:09:29,799:INFO:Step: 8, Loss: 0.5922
2024-01-17 19:09:55,096:INFO:Step: 12, Loss: 0.5374
2024-01-17 19:10:20,694:INFO:Step: 16, Loss: 0.5619
2024-01-17 19:10:45,925:INFO:Step: 20, Loss: 0.5308
2024-01-17 19:11:11,283:INFO:Step: 24, Loss: 0.5342
2024-01-17 19:11:33,832:INFO:Training client 4 for epoch 22
2024-01-17 19:12:01,891:INFO:Step: 4, Loss: 0.5695
2024-01-17 19:12:29,147:INFO:Step: 8, Loss: 0.55
2024-01-17 19:12:56,215:INFO:Step: 12, Loss: 0.5352
2024-01-17 19:15:31,163:INFO:Epoch 22: client 0 eval_results: 0.7760455012321472
2024-01-17 19:16:29,076:INFO:Epoch 22: client 1 eval_results: 0.7117695808410645
2024-01-17 19:17:27,964:INFO:Epoch 22: client 2 eval_results: 0.8509052991867065
2024-01-17 19:18:56,367:INFO:Epoch 22: client 3 eval_results: 0.8407764434814453
2024-01-17 19:19:36,710:INFO:Epoch 22: client 4 eval_results: 0.731619656085968
2024-01-17 19:19:38,182:INFO:Epoch 22: Overall eval_results: 0.7942880940198899
2024-01-17 19:19:52,302:INFO:Training client 0 for epoch 23
2024-01-17 19:20:22,644:INFO:Step: 4, Loss: 0.6063
2024-01-17 19:20:51,136:INFO:Step: 8, Loss: 0.5573
2024-01-17 19:21:19,269:INFO:Step: 12, Loss: 0.5602
2024-01-17 19:21:55,535:INFO:Training client 1 for epoch 23
2024-01-17 19:22:28,396:INFO:Step: 4, Loss: 0.6466
2024-01-17 19:22:50,270:INFO:Training client 2 for epoch 23
2024-01-17 19:23:20,782:INFO:Step: 4, Loss: 0.6833
2024-01-17 19:23:49,562:INFO:Step: 8, Loss: 0.6556
2024-01-17 19:24:19,380:INFO:Training client 3 for epoch 23
2024-01-17 19:24:45,824:INFO:Step: 4, Loss: 0.5677
2024-01-17 19:25:11,442:INFO:Step: 8, Loss: 0.5835
2024-01-17 19:25:36,645:INFO:Step: 12, Loss: 0.5286
2024-01-17 19:26:02,272:INFO:Step: 16, Loss: 0.5539
2024-01-17 19:26:27,291:INFO:Step: 20, Loss: 0.5226
2024-01-17 19:26:53,103:INFO:Step: 24, Loss: 0.5258
2024-01-17 19:27:15,258:INFO:Training client 4 for epoch 23
2024-01-17 19:27:43,704:INFO:Step: 4, Loss: 0.5605
2024-01-17 19:28:11,036:INFO:Step: 8, Loss: 0.5407
2024-01-17 19:28:38,260:INFO:Step: 12, Loss: 0.526
2024-01-17 19:31:12,874:INFO:Epoch 23: client 0 eval_results: 0.7754650115966797
2024-01-17 19:32:10,776:INFO:Epoch 23: client 1 eval_results: 0.7117740511894226
2024-01-17 19:33:08,263:INFO:Epoch 23: client 2 eval_results: 0.8511313796043396
2024-01-17 19:34:34,744:INFO:Epoch 23: client 3 eval_results: 0.8416347503662109
2024-01-17 19:35:15,322:INFO:Epoch 23: client 4 eval_results: 0.7311763763427734
2024-01-17 19:35:16,821:INFO:Epoch 23: Overall eval_results: 0.7944586163401604
2024-01-17 19:35:31,803:INFO:Training client 0 for epoch 24
2024-01-17 19:36:01,191:INFO:Step: 4, Loss: 0.6026
2024-01-17 19:36:29,967:INFO:Step: 8, Loss: 0.5534
2024-01-17 19:36:58,137:INFO:Step: 12, Loss: 0.5556
2024-01-17 19:37:34,423:INFO:Training client 1 for epoch 24
2024-01-17 19:38:07,109:INFO:Step: 4, Loss: 0.6423
2024-01-17 19:38:29,330:INFO:Training client 2 for epoch 24
2024-01-17 19:38:59,577:INFO:Step: 4, Loss: 0.6772
2024-01-17 19:39:28,513:INFO:Step: 8, Loss: 0.65
2024-01-17 19:39:58,072:INFO:Training client 3 for epoch 24
2024-01-17 19:40:25,337:INFO:Step: 4, Loss: 0.5585
2024-01-17 19:40:50,975:INFO:Step: 8, Loss: 0.5745
2024-01-17 19:41:16,244:INFO:Step: 12, Loss: 0.5194
2024-01-17 19:41:41,852:INFO:Step: 16, Loss: 0.5445
2024-01-17 19:42:06,942:INFO:Step: 20, Loss: 0.5127
2024-01-17 19:42:32,409:INFO:Step: 24, Loss: 0.5158
2024-01-17 19:42:54,236:INFO:Training client 4 for epoch 24
2024-01-17 19:43:22,174:INFO:Step: 4, Loss: 0.5542
2024-01-17 19:43:49,438:INFO:Step: 8, Loss: 0.5339
2024-01-17 19:44:16,515:INFO:Step: 12, Loss: 0.5189
2024-01-17 19:46:49,672:INFO:Epoch 24: client 0 eval_results: 0.7747202515602112
2024-01-17 19:47:46,754:INFO:Epoch 24: client 1 eval_results: 0.7113804221153259
2024-01-17 19:48:44,870:INFO:Epoch 24: client 2 eval_results: 0.8506337404251099
2024-01-17 19:50:57,272:INFO:Epoch 24: client 3 eval_results: 0.8421350717544556
2024-01-17 19:51:38,109:INFO:Epoch 24: client 4 eval_results: 0.7303957343101501
2024-01-17 19:51:38,786:INFO:Epoch 24: Overall eval_results: 0.7942349608540535
2024-01-17 19:51:55,021:INFO:Training client 0 for epoch 25
2024-01-17 19:52:24,722:INFO:Step: 4, Loss: 0.599
2024-01-17 19:52:53,177:INFO:Step: 8, Loss: 0.5488
2024-01-17 19:53:21,179:INFO:Step: 12, Loss: 0.5503
2024-01-17 19:53:59,009:INFO:Training client 1 for epoch 25
2024-01-17 19:54:31,590:INFO:Step: 4, Loss: 0.6385
2024-01-17 19:54:54,130:INFO:Training client 2 for epoch 25
2024-01-17 19:55:24,421:INFO:Step: 4, Loss: 0.6701
2024-01-17 19:55:53,198:INFO:Step: 8, Loss: 0.6407
2024-01-17 19:56:25,636:INFO:Training client 3 for epoch 25
2024-01-17 19:56:52,101:INFO:Step: 4, Loss: 0.5519
2024-01-17 19:57:17,656:INFO:Step: 8, Loss: 0.5672
2024-01-17 19:57:43,086:INFO:Step: 12, Loss: 0.512
2024-01-17 19:58:08,696:INFO:Step: 16, Loss: 0.5373
2024-01-17 19:58:33,869:INFO:Step: 20, Loss: 0.5057
2024-01-17 19:58:59,366:INFO:Step: 24, Loss: 0.5086
2024-01-17 19:59:21,116:INFO:Training client 4 for epoch 25
2024-01-17 19:59:48,890:INFO:Step: 4, Loss: 0.5462
2024-01-17 20:00:16,062:INFO:Step: 8, Loss: 0.5256
2024-01-17 20:00:43,113:INFO:Step: 12, Loss: 0.5107
2024-01-17 20:03:19,956:INFO:Epoch 25: client 0 eval_results: 0.7746748328208923
2024-01-17 20:04:17,567:INFO:Epoch 25: client 1 eval_results: 0.7118301391601562
2024-01-17 20:05:20,439:INFO:Epoch 25: client 2 eval_results: 0.8515328764915466
2024-01-17 20:06:47,024:INFO:Epoch 25: client 3 eval_results: 0.8435602784156799
2024-01-17 20:07:27,739:INFO:Epoch 25: client 4 eval_results: 0.7303133606910706
2024-01-17 20:07:28,602:INFO:Epoch 25: Overall eval_results: 0.7949399359822273
2024-01-17 20:07:42,774:INFO:Training client 0 for epoch 26
2024-01-17 20:08:13,047:INFO:Step: 4, Loss: 0.5956
2024-01-17 20:08:41,511:INFO:Step: 8, Loss: 0.5449
2024-01-17 20:09:09,591:INFO:Step: 12, Loss: 0.5461
2024-01-17 20:09:45,023:INFO:Training client 1 for epoch 26
2024-01-17 20:10:18,749:INFO:Step: 4, Loss: 0.6348
2024-01-17 20:10:40,869:INFO:Training client 2 for epoch 26
2024-01-17 20:11:11,065:INFO:Step: 4, Loss: 0.6641
2024-01-17 20:11:39,769:INFO:Step: 8, Loss: 0.6339
2024-01-17 20:12:10,424:INFO:Training client 3 for epoch 26
2024-01-17 20:12:36,987:INFO:Step: 4, Loss: 0.5424
2024-01-17 20:13:02,537:INFO:Step: 8, Loss: 0.5586
2024-01-17 20:13:27,879:INFO:Step: 12, Loss: 0.5027
2024-01-17 20:13:53,561:INFO:Step: 16, Loss: 0.5279
2024-01-17 20:14:18,868:INFO:Step: 20, Loss: 0.4959
2024-01-17 20:14:44,336:INFO:Step: 24, Loss: 0.4989
2024-01-17 20:15:04,624:INFO:Training client 4 for epoch 26
2024-01-17 20:15:33,701:INFO:Step: 4, Loss: 0.5411
2024-01-17 20:16:01,144:INFO:Step: 8, Loss: 0.5194
2024-01-17 20:16:28,233:INFO:Step: 12, Loss: 0.5042
2024-01-17 20:19:01,399:INFO:Epoch 26: client 0 eval_results: 0.7743262648582458
2024-01-17 20:20:00,264:INFO:Epoch 26: client 1 eval_results: 0.7115326523780823
2024-01-17 20:20:57,025:INFO:Epoch 26: client 2 eval_results: 0.8516117930412292
2024-01-17 20:22:24,483:INFO:Epoch 26: client 3 eval_results: 0.8444623351097107
2024-01-17 20:23:04,866:INFO:Epoch 26: client 4 eval_results: 0.7299138307571411
2024-01-17 20:23:06,040:INFO:Epoch 26: Overall eval_results: 0.7950897126197815
2024-01-17 20:23:20,151:INFO:Training client 0 for epoch 27
2024-01-17 20:23:50,207:INFO:Step: 4, Loss: 0.5921
2024-01-17 20:24:18,629:INFO:Step: 8, Loss: 0.5407
2024-01-17 20:24:46,632:INFO:Step: 12, Loss: 0.5417
2024-01-17 20:25:22,888:INFO:Training client 1 for epoch 27
2024-01-17 20:25:56,106:INFO:Step: 4, Loss: 0.6312
2024-01-17 20:26:18,447:INFO:Training client 2 for epoch 27
2024-01-17 20:26:48,601:INFO:Step: 4, Loss: 0.6569
2024-01-17 20:27:17,328:INFO:Step: 8, Loss: 0.6255
2024-01-17 20:27:47,343:INFO:Training client 3 for epoch 27
2024-01-17 20:28:14,121:INFO:Step: 4, Loss: 0.5364
2024-01-17 20:28:39,688:INFO:Step: 8, Loss: 0.5513
2024-01-17 20:29:04,998:INFO:Step: 12, Loss: 0.4956
2024-01-17 20:29:30,829:INFO:Step: 16, Loss: 0.5209
2024-01-17 20:29:55,974:INFO:Step: 20, Loss: 0.489
2024-01-17 20:30:21,430:INFO:Step: 24, Loss: 0.4917
2024-01-17 20:30:42,175:INFO:Training client 4 for epoch 27
2024-01-17 20:31:10,828:INFO:Step: 4, Loss: 0.5324
2024-01-17 20:31:38,041:INFO:Step: 8, Loss: 0.5106
2024-01-17 20:32:05,320:INFO:Step: 12, Loss: 0.4956
2024-01-17 20:34:40,957:INFO:Epoch 27: client 0 eval_results: 0.7747613787651062
2024-01-17 20:35:37,461:INFO:Epoch 27: client 1 eval_results: 0.7125675082206726
2024-01-17 20:36:33,783:INFO:Epoch 27: client 2 eval_results: 0.8530487418174744
2024-01-17 20:38:00,663:INFO:Epoch 27: client 3 eval_results: 0.846495509147644
2024-01-17 20:38:41,106:INFO:Epoch 27: client 4 eval_results: 0.7303922176361084
2024-01-17 20:38:41,390:INFO:Epoch 27: Overall eval_results: 0.7963566864132882
2024-01-17 20:38:55,737:INFO:Training client 0 for epoch 28
2024-01-17 20:39:25,159:INFO:Step: 4, Loss: 0.5889
2024-01-17 20:39:53,816:INFO:Step: 8, Loss: 0.5373
2024-01-17 20:40:22,163:INFO:Step: 12, Loss: 0.538
2024-01-17 20:40:58,280:INFO:Training client 1 for epoch 28
2024-01-17 20:41:31,040:INFO:Step: 4, Loss: 0.6276
2024-01-17 20:41:53,575:INFO:Training client 2 for epoch 28
2024-01-17 20:42:23,652:INFO:Step: 4, Loss: 0.6521
2024-01-17 20:42:52,321:INFO:Step: 8, Loss: 0.6213
2024-01-17 20:43:24,450:INFO:Training client 3 for epoch 28
2024-01-17 20:43:50,940:INFO:Step: 4, Loss: 0.5271
2024-01-17 20:44:16,467:INFO:Step: 8, Loss: 0.5439
2024-01-17 20:44:41,791:INFO:Step: 12, Loss: 0.4879
2024-01-17 20:45:07,337:INFO:Step: 16, Loss: 0.5126
2024-01-17 20:45:32,515:INFO:Step: 20, Loss: 0.4808
2024-01-17 20:45:57,876:INFO:Step: 24, Loss: 0.4835
2024-01-17 20:46:19,364:INFO:Training client 4 for epoch 28
2024-01-17 20:46:47,173:INFO:Step: 4, Loss: 0.527
2024-01-17 20:47:14,400:INFO:Step: 8, Loss: 0.5042
2024-01-17 20:47:41,709:INFO:Step: 12, Loss: 0.4893
2024-01-17 20:50:16,081:INFO:Epoch 28: client 0 eval_results: 0.774717390537262
2024-01-17 20:51:12,709:INFO:Epoch 28: client 1 eval_results: 0.7125678062438965
2024-01-17 20:52:09,517:INFO:Epoch 28: client 2 eval_results: 0.8535093665122986
2024-01-17 20:53:36,170:INFO:Epoch 28: client 3 eval_results: 0.8477986454963684
2024-01-17 20:54:16,022:INFO:Epoch 28: client 4 eval_results: 0.7306935787200928
2024-01-17 20:54:16,197:INFO:Epoch 28: Overall eval_results: 0.7969008735537529
2024-01-17 20:54:30,750:INFO:Training client 0 for epoch 29
2024-01-17 20:55:00,249:INFO:Step: 4, Loss: 0.5858
2024-01-17 20:55:28,749:INFO:Step: 8, Loss: 0.5332
2024-01-17 20:55:56,803:INFO:Step: 12, Loss: 0.5333
2024-01-17 20:56:33,829:INFO:Training client 1 for epoch 29
2024-01-17 20:57:06,525:INFO:Step: 4, Loss: 0.624
2024-01-17 20:57:28,594:INFO:Training client 2 for epoch 29
2024-01-17 20:57:59,185:INFO:Step: 4, Loss: 0.6451
2024-01-17 20:58:27,979:INFO:Step: 8, Loss: 0.6125
2024-01-17 20:58:57,889:INFO:Training client 3 for epoch 29
2024-01-17 20:59:25,006:INFO:Step: 4, Loss: 0.5224
2024-01-17 20:59:50,478:INFO:Step: 8, Loss: 0.5361
2024-01-17 21:00:15,744:INFO:Step: 12, Loss: 0.4809
2024-01-17 21:00:41,402:INFO:Step: 16, Loss: 0.5051
2024-01-17 21:01:06,497:INFO:Step: 20, Loss: 0.4741
2024-01-17 21:01:32,024:INFO:Step: 24, Loss: 0.4758
2024-01-17 21:01:53,193:INFO:Training client 4 for epoch 29
2024-01-17 21:02:21,238:INFO:Step: 4, Loss: 0.5149
2024-01-17 21:02:48,487:INFO:Step: 8, Loss: 0.4948
2024-01-17 21:03:15,573:INFO:Step: 12, Loss: 0.4792
2024-01-17 21:05:51,039:INFO:Epoch 29: client 0 eval_results: 0.7758905291557312
2024-01-17 21:06:47,729:INFO:Epoch 29: client 1 eval_results: 0.7139696478843689
2024-01-17 21:07:44,279:INFO:Epoch 29: client 2 eval_results: 0.8560812473297119
2024-01-17 21:09:10,907:INFO:Epoch 29: client 3 eval_results: 0.8511019945144653
2024-01-17 21:09:51,655:INFO:Epoch 29: client 4 eval_results: 0.7319692969322205
2024-01-17 21:09:51,832:INFO:Epoch 29: Overall eval_results: 0.7990932588219642
